
Running 1 test using 1 worker

BROWSER: [vite] connecting...
BROWSER: [vite] connected.
BROWSER: %cDownload the React DevTools for a better development experience: https://react.dev/link/react-devtools font-weight:bold
BROWSER: The width(-1) and height(-1) of chart should be greater than 0,
       please check the style of container, or the props width(100%) and height(100%),
       or add a minWidth(0) or minHeight(undefined) or use aspect(undefined) to control the
       height and width.
BROWSER: The width(-1) and height(-1) of chart should be greater than 0,
       please check the style of container, or the props width(100%) and height(100%),
       or add a minWidth(0) or minHeight(undefined) or use aspect(undefined) to control the
       height and width.
BROWSER: The width(-1) and height(-1) of chart should be greater than 0,
       please check the style of container, or the props width(100%) and height(100%),
       or add a minWidth(0) or minHeight(undefined) or use aspect(undefined) to control the
       height and width.
BROWSER: The width(-1) and height(-1) of chart should be greater than 0,
       please check the style of container, or the props width(100%) and height(100%),
       or add a minWidth(0) or minHeight(undefined) or use aspect(undefined) to control the
       height and width.
BROWSER: The width(-1) and height(-1) of chart should be greater than 0,
       please check the style of container, or the props width(100%) and height(100%),
       or add a minWidth(0) or minHeight(undefined) or use aspect(undefined) to control the
       height and width.
BROWSER: The width(-1) and height(-1) of chart should be greater than 0,
       please check the style of container, or the props width(100%) and height(100%),
       or add a minWidth(0) or minHeight(undefined) or use aspect(undefined) to control the
       height and width.
BROWSER: Failed to load resource: the server responded with a status of 401 ()
BROWSER: Failed to load resource: the server responded with a status of 401 ()
BROWSER: Failed to load resource: the server responded with a status of 401 ()
BROWSER: Failed to load resource: the server responded with a status of 401 ()
BROWSER: Failed to load resource: the server responded with a status of 401 ()
BROWSER: Failed to load resource: the server responded with a status of 401 ()
BROWSER: Failed to load resource: the server responded with a status of 401 ()
BROWSER: Failed to load resource: the server responded with a status of 401 ()
BROWSER: Failed to load resource: the server responded with a status of 401 ()
BROWSER: Failed to load resource: the server responded with a status of 401 ()
BROWSER: FETCH_EXPENSES: trip=trip-1 curr=EUR
BROWSER: FETCH_EXPENSES: trip=trip-1 curr=EUR
  x  1 [chromium] ÔÇ║ tests-e2e\trips.spec.js:73:3 ÔÇ║ M├│dulo de Viagens ÔÇ║ deve carregar a viagem e mostrar os novos elementos da UI (3.6s)


  1) [chromium] ÔÇ║ tests-e2e\trips.spec.js:73:3 ÔÇ║ M├│dulo de Viagens ÔÇ║ deve carregar a viagem e mostrar os novos elementos da UI 

    Error: [2mexpect([22m[31mlocator[39m[2m).[22mtoBeVisible[2m([22m[2m)[22m failed

    Locator: getByText(/150/)
    Expected: visible
    Error: strict mode violation: getByText(/150/) resolved to 5 elements:
        1) <h3>150,00</h3> aka getByRole('heading', { name: '150,00' })
        2) <span>ÔÇª</span> aka getByText('150 EUR').first()
        3) <span>ÔÇª</span> aka getByText('150 EUR').nth(1)
        4) <span>ÔÇª</span> aka getByText('150,00 EUR')
        5) <div>150,00</div> aka locator('div').filter({ hasText: /^150,00$/ })

    Call log:
    [2m  - Expect "toBeVisible" with timeout 5000ms[22m
    [2m  - waiting for getByText(/150/)[22m


      104 |     
      105 |     // Para o valor, tentamos ser o mais gen├®rico poss├¡vel
    > 106 |     await expect(page.getByText(/150/)).toBeVisible();
          |                                         ^
      107 |     
      108 |     // Verifica KPI de Or├ºamento
      109 |     await expect(page.getByText(/No Plano|Cr├¡tico|Livre/)).toBeVisible();
        at C:\repos\PersonalControl\tests-e2e\trips.spec.js:106:41

    attachment #1: screenshot (image/png) ÔöÇÔöÇÔöÇÔöÇÔöÇÔöÇÔöÇÔöÇÔöÇÔöÇÔöÇÔöÇÔöÇÔöÇÔöÇÔöÇÔöÇÔöÇÔöÇÔöÇÔöÇÔöÇÔöÇÔöÇÔöÇÔöÇÔöÇÔöÇÔöÇÔöÇÔöÇÔöÇÔöÇÔöÇÔöÇÔöÇÔöÇÔöÇÔöÇÔöÇÔöÇÔöÇÔöÇÔöÇÔöÇÔöÇÔöÇÔöÇÔöÇÔöÇÔöÇÔöÇÔöÇÔöÇÔöÇÔöÇÔöÇÔöÇ
    test-results\trips-M├│dulo-de-Viagens-de-cf84b-ar-os-novos-elementos-da-UI-chromium\test-failed-1.png
    ÔöÇÔöÇÔöÇÔöÇÔöÇÔöÇÔöÇÔöÇÔöÇÔöÇÔöÇÔöÇÔöÇÔöÇÔöÇÔöÇÔöÇÔöÇÔöÇÔöÇÔöÇÔöÇÔöÇÔöÇÔöÇÔöÇÔöÇÔöÇÔöÇÔöÇÔöÇÔöÇÔöÇÔöÇÔöÇÔöÇÔöÇÔöÇÔöÇÔöÇÔöÇÔöÇÔöÇÔöÇÔöÇÔöÇÔöÇÔöÇÔöÇÔöÇÔöÇÔöÇÔöÇÔöÇÔöÇÔöÇÔöÇÔöÇÔöÇÔöÇÔöÇÔöÇÔöÇÔöÇÔöÇÔöÇÔöÇÔöÇÔöÇÔöÇÔöÇÔöÇÔöÇÔöÇÔöÇÔöÇÔöÇÔöÇÔöÇÔöÇÔöÇÔöÇÔöÇÔöÇÔöÇÔöÇÔöÇÔöÇÔöÇÔöÇÔöÇÔöÇÔöÇÔöÇÔöÇÔöÇ

    Error Context: test-results\trips-M├│dulo-de-Viagens-de-cf84b-ar-os-novos-elementos-da-UI-chromium\error-context.md

  1 failed
    [chromium] ÔÇ║ tests-e2e\trips.spec.js:73:3 ÔÇ║ M├│dulo de Viagens ÔÇ║ deve carregar a viagem e mostrar os novos elementos da UI 
